// Jest Snapshot v1, https://goo.gl/fbAQLP

exports[`SpotlightBannerAside renders correctly 1`] = `<div />`;

exports[`SpotlightBannerAside renders with children correctly 1`] = `
<div>
  <div>
    My Child
  </div>
</div>
`;
