// Jest Snapshot v1, https://goo.gl/fbAQLP

exports[`SpotlightTab renders correctly 1`] = `
<div
  className="tabs"
/>
`;
