// Jest Snapshot v1, https://goo.gl/fbAQLP

exports[`MapSectionBody renders correctly 1`] = `
<div
  className="spotlight"
/>
`;

exports[`MapSectionBody renders only SpotlightSidebar & MapSectionBodyMain 1`] = `
<div
  className="spotlight"
>
  <div
    className="spotlight__aside spotlight__aside--padded"
  >
    <style
      jsx={true}
    >
      
        min-height: 500px;
      
    </style>
  </div>
  <div
    className="spotlight__main"
  >
    <style
      jsx={true}
    >
      
      min-height: 500px;
      border: 1px solid #e84439;

      .spotlight__main &gt; :global(.leaflet-container) {
        background: inherit;
      }
    
    </style>
  </div>
</div>
`;
