// Jest Snapshot v1, https://goo.gl/fbAQLP

exports[`MapSectionBodyMain renders correctly 1`] = `
<div
  className="spotlight__main spotlight__interactive"
/>
`;
