// Jest Snapshot v1, https://goo.gl/fbAQLP

exports[`SpotlightSidebar renders correctly 1`] = `
<div
  className="spotlight__aside spotlight__aside--padded"
/>
`;
