// Jest Snapshot v1, https://goo.gl/fbAQLP

exports[`Button renders correctly 1`] = `
<button
  type="button"
>
  <style
    jsx={true}
  >
    
        display: block;
      
  </style>
  Caption
</button>
`;
