// Jest Snapshot v1, https://goo.gl/fbAQLP

exports[`AnchorButton renders correctly 1`] = `
<a
  className="button"
>
  <style
    jsx={true}
  >
    
      cursor: pointer;
    
  </style>
  Caption
</a>
`;
