// Jest Snapshot v1, https://goo.gl/fbAQLP

exports[`PageSectionSubheading renders correctly 1`] = `
<h3
  className="section__sub-heading"
>
  Child
</h3>
`;
