// Jest Snapshot v1, https://goo.gl/fbAQLP

exports[`NavigationItem renders the NavigationItem correctly 1`] = `
<li
  className="navigation-primary__item"
>
  <a
    href="/dashboard"
  >
    Home
  </a>
</li>
`;
