// Jest Snapshot v1, https://goo.gl/fbAQLP

exports[`FormFieldRadio renders correctly 1`] = `
<div
  className="form-field__radio-buttons"
/>
`;
